         w __deregister_frame_info
         w __gnu_Unwind_Find_exidx
         w __register_frame_info
         w pthread_cancel
         w pthread_getspecific
         w pthread_key_create
         w pthread_key_delete
         w pthread_mutex_lock
         w pthread_mutex_unlock
         w pthread_setspecific
         w userAppExit
         w userAppInit
00000000 00000802 B __ctru_dev_utf16_buf
00000000 A __sync_synchronize
00000000 b _TLS_MODULE_BASE_
00000000 a shift
00000000 a shift
00000804 00000401 B __ctru_dev_path_buf
00100000 A __start__
00100000 T _start
00100008 T __service_ptr
0010000c T __apt_appid
00100010 T __heap_size
00100014 T __linear_heap_size
00100018 T __system_arglist
0010001c T __system_runflags
00100020 t startup
00100058 t ClearMem
0010006c t ClrLoop
00100094 T _init
001000ac t .udivsi3_skip_div0_test
001000ac T __aeabi_uidiv
001000ac 000001ec T __udivsi3
00100298 00000020 T __aeabi_uidivmod
001002b8 T __aeabi_idiv
001002b8 00000220 T __divsi3
001002c0 t .divsi3_skip_div0_test
001004d8 00000020 T __aeabi_idivmod
001004f8 00000004 W __aeabi_idiv0
001004f8 00000004 W __aeabi_ldiv0
001004fc T __aeabi_drsub
00100504 000002b0 T __aeabi_dsub
00100504 000002b0 T __subdf3
00100508 000002ac T __adddf3
00100508 000002ac T __aeabi_dadd
001007b4 00000024 T __aeabi_ui2d
001007b4 00000024 T __floatunsidf
001007d8 00000028 T __aeabi_i2d
001007d8 00000028 T __floatsidf
00100800 00000048 T __aeabi_f2d
00100800 00000048 T __extendsfdf2
00100848 00000074 T __aeabi_ul2d
00100848 00000074 T __floatundidf
0010085c 00000060 T __aeabi_l2d
0010085c 00000060 T __floatdidf
001008bc T __aeabi_ldivmod
00100990 T __aeabi_uldivmod
001009cc 00000014 T __restore_core_regs
001009cc 00000014 T restore_core_regs
001009e0 T __gnu_Unwind_Restore_VFP
001009e8 T __gnu_Unwind_Save_VFP
001009f0 T __gnu_Unwind_Restore_VFP_D
001009f8 T __gnu_Unwind_Save_VFP_D
00100a00 T __gnu_Unwind_Restore_VFP_D_16_to_31
00100a08 T __gnu_Unwind_Save_VFP_D_16_to_31
00100a10 T __gnu_Unwind_Restore_WMMXD
00100a54 T __gnu_Unwind_Save_WMMXD
00100a98 T __gnu_Unwind_Restore_WMMXC
00100aac T __gnu_Unwind_Save_WMMXC
00100ac0 00000024 T ___Unwind_RaiseException
00100ac0 00000024 T _Unwind_RaiseException
00100ae4 00000024 T ___Unwind_Resume
00100ae4 00000024 T _Unwind_Resume
00100b08 00000024 T ___Unwind_Resume_or_Rethrow
00100b08 00000024 T _Unwind_Resume_or_Rethrow
00100b2c 00000024 T ___Unwind_ForcedUnwind
00100b2c 00000024 T _Unwind_ForcedUnwind
00100b50 00000024 T ___Unwind_Backtrace
00100b50 00000024 T _Unwind_Backtrace
00100b88 00000390 T strcmp
00100f10 t __do_global_dtors_aux
00100f60 t frame_dummy
00100f8c 0000003c t std::__cxx11::basic_string<char, std::char_traits<char>, std::allocator<char> >::assign(char const*) [clone .isra.0]
00100fc8 00000094 t void std::__cxx11::basic_string<char, std::char_traits<char>, std::allocator<char> >::_M_construct<char const*>(char const*, char const*, std::forward_iterator_tag) [clone .isra.0]
0010105c 0000006c t std::__cxx11::basic_string<char, std::char_traits<char>, std::allocator<char> >::basic_string(std::__cxx11::basic_string<char, std::char_traits<char>, std::allocator<char> >&&) [clone .isra.0]
001010c8 00000094 W TextRenderer::draw(float, float, float, unsigned long, char const*, ...)
0010115c 0000013c W WorldMap::~WorldMap()
0010115c 0000013c W WorldMap::~WorldMap()
00101298 0000005c W bool std::operator==<char, std::char_traits<char>, std::allocator<char> >(std::__cxx11::basic_string<char, std::char_traits<char>, std::allocator<char> > const&, char const*)
001012f4 000027d0 T main
00103ac4 000001d4 t TileMap::loadJson(char const*)::{lambda(char const*)#1}::operator()(char const*) const
00103c98 000001f8 T TileMap::buildTransitions(int)
00103e90 000002bc T TileMap::loadJson(char const*)
0010414c 00000030 T GameCore::setPlayerStart(float, float)
0010417c 00000028 T GameCore::setPlayerPosition(float, float)
001041a4 00000014 T GameCore::consumeDeath()
001041b8 000000ec T GameCore::setPlayerStartToFirstEmpty(float)
001042a4 00000004 T GameCore::loadMapJson(char const*)
001042a8 00000714 T GameCore::update(InputState const&, float)
001049bc 00000140 W std::vector<unsigned char, std::allocator<unsigned char> >::_M_default_append(unsigned int)
00104afc 00000130 T TileMap::loadText(char const*)
00104c2c 00000004 T GameCore::loadMapText(char const*)
00104c30 000000d4 t std::_Hashtable<std::__cxx11::basic_string<char, std::char_traits<char>, std::allocator<char> >, std::pair<std::__cxx11::basic_string<char, std::char_traits<char>, std::allocator<char> > const, bool>, std::allocator<std::pair<std::__cxx11::basic_string<char, std::char_traits<char>, std::allocator<char> > const, bool> >, std::__detail::_Select1st, std::equal_to<std::__cxx11::basic_string<char, std::char_traits<char>, std::allocator<char> > >, std::hash<std::__cxx11::basic_string<char, std::char_traits<char>, std::allocator<char> > >, std::__detail::_Mod_range_hashing, std::__detail::_Default_ranged_hash, std::__detail::_Prime_rehash_policy, std::__detail::_Hashtable_traits<true, false, true> >::_M_find_before_node(unsigned int, std::__cxx11::basic_string<char, std::char_traits<char>, std::allocator<char> > const&, unsigned int) const [clone .isra.0]
00104d04 00000094 t void std::__cxx11::basic_string<char, std::char_traits<char>, std::allocator<char> >::_M_construct<char const*>(char const*, char const*, std::forward_iterator_tag) [clone .isra.0]
00104d98 000000d4 t std::_Hashtable<std::__cxx11::basic_string<char, std::char_traits<char>, std::allocator<char> >, std::pair<std::__cxx11::basic_string<char, std::char_traits<char>, std::allocator<char> > const, SpatialCell>, std::allocator<std::pair<std::__cxx11::basic_string<char, std::char_traits<char>, std::allocator<char> > const, SpatialCell> >, std::__detail::_Select1st, std::equal_to<std::__cxx11::basic_string<char, std::char_traits<char>, std::allocator<char> > >, std::hash<std::__cxx11::basic_string<char, std::char_traits<char>, std::allocator<char> > >, std::__detail::_Mod_range_hashing, std::__detail::_Default_ranged_hash, std::__detail::_Prime_rehash_policy, std::__detail::_Hashtable_traits<true, false, true> >::_M_find_before_node(unsigned int, std::__cxx11::basic_string<char, std::char_traits<char>, std::allocator<char> > const&, unsigned int) const [clone .isra.0]
00104e6c 00000214 t findIntInObject(std::__cxx11::basic_string<char, std::char_traits<char>, std::allocator<char> > const&, char const*, bool&)
00105080 000004e0 t makeKey(int, int)
00105560 000007b4 T WorldMap::buildSpatialMap(char const*, int, int, int)
00105d14 00000148 T WorldMap::getCell(int, int) const
00105e5c 000000ec T WorldMap::getSpatialBounds(int&, int&, int&, int&) const
00105f48 00000124 T WorldMap::isCheckpoint(int, int) const
0010606c 000000a8 W void std::__cxx11::basic_string<char, std::char_traits<char>, std::allocator<char> >::_M_construct<true>(char const*, unsigned int)
00106114 00000124 W void std::vector<WorldCell, std::allocator<WorldCell> >::_M_realloc_append<WorldCell const&>(WorldCell const&)
00106238 00000244 W std::__detail::_Map_base<std::__cxx11::basic_string<char, std::char_traits<char>, std::allocator<char> >, std::pair<std::__cxx11::basic_string<char, std::char_traits<char>, std::allocator<char> > const, bool>, std::allocator<std::pair<std::__cxx11::basic_string<char, std::char_traits<char>, std::allocator<char> > const, bool> >, std::__detail::_Select1st, std::equal_to<std::__cxx11::basic_string<char, std::char_traits<char>, std::allocator<char> > >, std::hash<std::__cxx11::basic_string<char, std::char_traits<char>, std::allocator<char> > >, std::__detail::_Mod_range_hashing, std::__detail::_Default_ranged_hash, std::__detail::_Prime_rehash_policy, std::__detail::_Hashtable_traits<true, false, true>, true>::operator[](std::__cxx11::basic_string<char, std::char_traits<char>, std::allocator<char> > const&)
0010647c 0000073c T WorldMap::loadWorldJson(char const*)
00106bb8 00000044 t C2Di_FrameEndHook
00106c00 0000036c T C2D_Init
00106f6c 0000004c T C2D_Fini
00106fb8 000000b8 T C2D_Prepare
00107070 00000048 T C2D_Flush
001070b8 00000104 T C2D_SceneSize
001071bc 00000058 T C2D_CreateScreenTarget
00107214 00000064 T C2D_TargetClear
00107278 0000013c T C2Di_CalcQuad
001073b4 00000058 T C2Di_AppendQuad
0010740c 00000040 T C2Di_AppendVtx
0010744c 00000550 T C2Di_Update
0010799c 000002b0 T C2D_DrawImage
00107c4c 0000015c T C2D_DrawTriangle
00107da8 000001dc T C2D_DrawLine
00107f84 00000158 T C2D_DrawRectangle
001080dc 00000018 t C2Di_GlyphComp
001080f4 00000140 t C2Di_CalcLineWidths
00108234 000001dc T C2D_TextBufNew
00108410 00000004 T C2D_TextBufDelete
00108414 0000000c T C2D_TextBufClear
00108420 000001c8 T C2D_TextFontParseLine
001085e8 000000a8 T C2D_TextFontParse
00108690 00000014 T C2D_TextParse
001086a4 00000030 T C2D_TextOptimize
001086d4 00000f6c T C2D_DrawText
00109640 0000006c T C2D_SpriteSheetLoadFromHandle
001096ac 00000048 T C2D_SpriteSheetLoad
001096f4 00000028 T C2D_SpriteSheetFree
0010971c 00000008 T C2D_SpriteSheetCount
00109724 0000002c T C2D_SpriteSheetGetImage
00109750 00000044 T C2D_FontGlyphIndexFromCodePoint
00109794 00000078 T C2D_FontCalcGlyphPos
0010980c 00000028 T AttrInfo_Init
00109834 00000094 T AttrInfo_AddLoader
001098c8 00000054 T C3D_SetAttrInfo
0010991c 00000080 T C3Di_AttrInfoBind
0010999c 00000004 W C3Di_LightEnvUpdate
001099a0 00000004 W C3Di_LightEnvDirty
001099a4 000000b4 t C3Di_AptEventHook
00109a58 00000004 W C3Di_GasUpdate
00109a5c 000001d0 T C3D_Init
00109c2c 00000098 T C3D_SetViewport
00109cc4 000004e8 T C3Di_UpdateContext
0010a1ac 000000e0 T C3Di_SplitFrame
0010a28c 00000044 T C3D_Fini
0010a2d0 00000194 T C3D_BindProgram
0010a464 00000024 T BufInfo_Init
0010a488 00000080 T BufInfo_Add
0010a508 0000003c T C3D_SetBufInfo
0010a544 00000048 T C3Di_BufInfoBind
0010a58c 0000021c T C3D_DrawElements
0010a7a8 00000040 T C3D_DepthMap
0010a7e8 0000001c T C3D_CullFace
0010a804 00000040 T C3D_StencilTest
0010a844 00000024 T C3D_StencilOp
0010a868 0000001c T C3D_BlendingColor
0010a884 00000024 T C3D_EarlyDepthTest
0010a8a8 0000002c T C3D_DepthTest
0010a8d4 0000002c T C3D_AlphaTest
0010a900 00000050 T C3D_AlphaBlend
0010a950 00000030 T C3D_FragOpMode
0010a980 00000044 T C3D_FragOpShadow
0010a9c4 000001ac T C3Di_EffectBind
0010ab70 0000001c T C3D_CalcColorBufSize
0010ab8c 0000001c T C3D_CalcDepthBufSize
0010aba8 00000044 T C3D_SetFrameBuf
0010abec 0000016c T C3Di_FrameBufBind
0010ad58 000000c8 T C3D_FrameBufClear
0010ae20 00000044 T C3D_FrameBufTransfer
0010ae64 000000a8 T C3D_ImmSendAttrib
0010af0c 00000070 T C3D_ProcTexInit
0010af7c 00000054 T C3D_ProcTexBind
0010afd0 0000005c T C3D_ProcTexLutBind
0010b02c 000000a4 T ProcTexLut_FromArray
0010b0d0 00000178 T C3Di_ProcTexUpdate
0010b248 00000068 T C3Di_ProcTexDirty
0010b2b0 0000004c t onVBlank0
0010b2fc 0000004c t onVBlank1
0010b348 00000080 t C3Di_RenderTargetDestroy
0010b3c8 000000f4 t onQueueFinish
0010b4bc 00000038 T C3Di_RenderQueueEnableVBlank
0010b4f4 00000030 T C3Di_RenderQueueDisableVBlank
0010b524 00000060 T C3Di_RenderQueueInit
0010b584 000000b4 T C3Di_RenderQueueExit
0010b638 00000034 T C3Di_RenderQueueWaitDone
0010b66c 000000e8 T C3D_FrameBegin
0010b754 00000048 T C3D_FrameDrawOn
0010b79c 00000058 T C3D_FrameSplit
0010b7f4 000001d0 T C3D_FrameEnd
0010b9c4 0000001c T C3D_FrameEndHook
0010b9e0 00000170 T C3D_RenderTargetCreate
0010bb50 000000a8 T C3D_RenderTargetSetOutput
0010bbf8 000000fc T C3D_SyncTextureCopy
0010bcf4 000003d8 t Tex3DSi_ImportCommon
0010c0cc 00000038 T Tex3DS_TextureImportStdio
0010c104 00000008 T Tex3DS_GetNumSubTextures
0010c10c 0000001c T Tex3DS_GetSubTexture
0010c128 00000004 T Tex3DS_TextureFree
0010c12c 00000034 T C3D_GetTexEnv
0010c160 00000024 T C3Di_TexEnvBind
0010c184 00000290 T C3D_TexInitWithParams
0010c414 000000c8 T C3D_TexLoadImage
0010c4dc 00000044 T C3D_TexBind
0010c520 00000074 T C3D_TexDelete
0010c594 0000014c T C3Di_SetTex
0010c6e0 00000290 T C3D_UpdateUniforms
0010c970 000000c0 T C3Di_DirtyUniforms
0010ca30 000000d8 T C3Di_LoadShaderUniforms
0010cb08 00000028 T C3Di_ClearShaderUniforms
0010cb30 000000cc T Mtx_Ortho
0010cbfc 000000cc T Mtx_OrthoTilt
0010ccc8 00000024 t addrMapNodeComparator(rbtree_node const*, rbtree_node const*)
0010ccec 00000004 t addrMapNodeDestructor(rbtree_node*)
0010ccf0 0000012c T linearMemAlign
0010ce1c 00000008 T linearAlloc
0010ce24 0000005c T linearFree
0010ce80 00000088 T MemPool::CoalesceRight(MemBlock*)
0010cf08 00000178 T MemPool::Allocate(MemChunk&, unsigned long, int)
0010d080 00000118 T MemPool::Deallocate(MemChunk const&)
0010d198 00000030 T MemPool::GetFreeSpace()
0010d1c8 00000024 t addrMapNodeComparator(rbtree_node const*, rbtree_node const*)
0010d1ec 00000004 t addrMapNodeDestructor(rbtree_node*)
0010d1f0 00000248 T vramMemAlignAt
0010d438 0000000c T vramAlloc
0010d444 0000000c T vramAllocAt
0010d450 00000094 T vramFree
0010d4e4 0000009c T fontEnsureMapped
0010d580 00000100 T fontGlyphIndexFromCodePoint
0010d680 00000214 T fontCalcGlyphPos
0010d894 000000cc t gfxPresentFramebuffer
0010d960 0000001c T gfxIsWide
0010d97c 000000f8 T gfxSetScreenFormat
0010da74 000000d8 T gfxInit
0010db4c 00000010 T gfxInitDefault
0010db5c 000000b8 T gfxExit
0010dc14 000000a0 T gfxGetFramebuffer
0010dcb4 00000028 T gfxScreenSwapBuffers
0010dcdc 00000074 T osConvertVirtToPhys
0010dd50 00000054 T osGetTimeRef
0010dda4 000000ec T osGetTime
0010de90 00000034 T __ctru_speedup_config
0010dec4 00000008 t romfs_close
0010decc 000000ac t romfs_seek
0010df78 00000024 t romfs_dirreset
0010df9c 000000c0 t fill_dir
0010e05c 000002ac t romfs_dirnext
0010e308 00000074 t romfs_free
0010e37c 000000d0 t searchForFile.constprop.0
0010e44c 000000d4 t searchForDir.constprop.0
0010e520 000001c0 t navigateToDir.constprop.0
0010e6e0 00000114 t romfs_open
0010e7f4 0000004c t romfs_chdir
0010e840 00000068 t romfs_diropen
0010e8a8 00000178 t romfs_stat
0010ea20 00000008 t romfs_dirclose
0010ea28 0000007c t romfs_fstat
0010eaa4 000000d0 t romfs_read
0010eb74 0000028c T romfsMountFromFile
0010ee00 00000098 T romfsMountFromCurrentProcess
0010ee98 00000258 T romfsMountSelf
0010f0f0 000000a0 T romfsUnmount
0010f190 0000013c T GPUCMD_Add
0010f2cc 000000b0 T GPUCMD_Split
0010f37c 00000034 T f32tof16
0010f3b0 00000034 T f32tof24
0010f3e4 00000038 T f32tof31
0010f41c 00000010 T GX_BindQueue
0010f42c 0000007c T GX_ProcessCommandList
0010f4a8 00000074 T GX_MemoryFill
0010f51c 00000074 T GX_DisplayTransfer
0010f590 00000078 T GX_TextureCopy
0010f608 00000064 t gxCmdQueueDoCommands.part.0
0010f66c 000000e4 T gxCmdQueueInterrupt
0010f750 00000068 T gxCmdQueueClear
0010f7b8 00000108 T gxCmdQueueAdd
0010f8c0 00000080 T gxCmdQueueRun
0010f940 00000064 T gxCmdQueueStop
0010f9a4 0000008c T gxCmdQueueWait
0010fa30 000001e0 T shaderInstanceInit
0010fc10 00000018 T shaderInstanceGetUniformLocation
0010fc28 0000001c T shaderProgramInit
0010fc44 00000074 T shaderProgramFree
0010fcb8 00000094 T shaderProgramSetVsh
0010fd4c 000008d0 T shaderProgramConfigure
0011061c 000001dc t DVLE_GenerateOutmap.part.0
001107f8 000001ac T DVLB_ParseFile
001109a4 00000050 T DVLB_Free
001109f4 00000074 T DVLE_GetUniformRegister
00110a68 00000180 t aptConvertScreenForCapture
00110be8 00000008 W aptDspSleep
00110bf0 00000004 W aptDspWakeup
00110bf4 00000004 W aptDspCancel
00110bf8 00000138 T aptSendCommand
00110d30 00000044 t aptExitProcess
00110d74 00000394 T aptExit
00111108 000000d8 T aptHandleSleep
001111e0 00000034 T aptHook
00111214 00000030 T aptUnhook
00111244 00000084 T APT_SleepIfShellClosed
001112c8 00000078 T aptSetSleepAllowed
00111340 00000084 T APT_UnlockTransition
001113c8 00000470 t aptEventHandler
00111838 000000bc T APT_ReceiveParameter
001118f4 000000b0 t aptReceiveParameter.constprop.0
001119a8 00000294 t aptScreenTransfer
00111c3c 000002d0 t aptWaitForWakeUp.isra.0
00111f0c 000000f4 T aptJumpToHomeMenu
00112000 00000058 T aptMainLoop
00112058 00000240 T aptInit
00112298 00000090 T APT_CheckNew3DS
00112328 00000048 T APT_GetSharedFont
00112370 00000104 T fsInit
00112474 0000003c T fsExit
001124b0 00000068 T fsExemptFromSession
00112518 00000050 T fsUnexemptFromSession
00112568 000000cc T FSUSER_OpenFile
00112634 000000cc T FSUSER_OpenFileDirectly
00112700 000000b8 T FSUSER_DeleteFile
001127b8 000000f4 T FSUSER_RenameFile
001128ac 000000b8 T FSUSER_DeleteDirectory
00112964 000000d0 T FSUSER_CreateFile
00112a34 000000c0 T FSUSER_CreateDirectory
00112af4 000000f4 T FSUSER_RenameDirectory
00112be8 000000b4 T FSUSER_OpenDirectory
00112c9c 00000090 T FSUSER_OpenArchive
00112d2c 0000008c T FSUSER_CloseArchive
00112db8 00000074 T FSUSER_GetSdmcArchiveResource
00112e2c 00000064 T FSUSER_IsSdmcWritable
00112e90 00000064 T FSFILE_Read
00112ef4 0000006c T FSFILE_Write
00112f60 00000044 T FSFILE_GetSize
00112fa4 00000028 T FSFILE_SetSize
00112fcc 0000003c T FSFILE_Close
00113008 00000024 T FSFILE_Flush
0011302c 00000060 T FSDIR_Read
0011308c 0000003c T FSDIR_Close
001130c8 00000c70 t gspHardwareInit
00113d38 00000280 T gspInit
00113fb8 00000110 T gspExit
001140c8 00000010 T gspHasGpuRight
001140d8 000000a4 T gspPresentBuffer
0011417c 00000030 T gspSetEventCallback
001141ac 00000050 T gspWaitForEvent
001141fc 0000004c T gspWaitForAnyEvent
00114248 00000154 t gspEventThreadMain
0011439c 0000012c T gspSubmitGxCommand
001144c8 00000050 T GSPGPU_FlushDataCache
00114518 00000034 T GSPGPU_SetLcdForceBlack
0011454c 00000080 T GSPGPU_AcquireRight
001145cc 0000005c T GSPGPU_ReleaseRight
00114628 0000007c T GSPGPU_ImportDisplayCaptureInfo
001146a4 0000002c T GSPGPU_SaveVramSysArea
001146d0 0000002c T GSPGPU_RestoreVramSysArea
001146fc 00000024 W hidShouldUseIrrst
00114720 000001cc T hidInit
001148ec 000000e8 T hidExit
001149d4 000002a0 T hidScanInput
00114c74 00000010 T hidKeysHeld
00114c84 00000010 T hidKeysDown
00114c94 00000018 T hidTouchRead
00114cac 000001a4 T irrstInit
00114e50 000000dc T irrstExit
00114f2c 000000b4 T irrstScanInput
00114fe0 00000024 T irrstKeysHeld
00115004 00000078 T ptmSysmInit
0011507c 0000003c T ptmSysmExit
001150b8 00000034 T PTMSYSM_ConfigureNew3DSCPU
001150ec 000000e0 t buffer_read
001151cc 000000cc t iov_read
00115298 00000164 t iov_memmove
001153fc 000001e0 t decompress_rle
001155dc 00000264 t decompress_lzss
00115840 00000418 t decompress_lz11
00115c58 0000031c t decompress_huff.isra.0
00115f74 00000010 T decompressCallback_Stdio
00115f84 000000e4 T decompressHeader
00116068 0000021c T decompressV
00116284 00000074 T rbtree_find
001162f8 00000010 T rbtree_init
00116308 00000198 t do_insert
001164a0 00000008 T rbtree_insert
001164a8 00000310 T rbtree_remove
001167b8 00000090 T rbtree_rotate
00116848 00000140 T decode_utf8
00116988 000000e8 T utf16_to_utf8
00116a70 000000c0 T utf8_to_utf16
00116b30 000001e8 W __system_allocateHeaps
00116d18 00000038 W __libctru_init
00116d50 0000016c W __system_initArgv
00116ebc 00000030 T __syscall_getreent
00116eec 00000064 T __syscall_gettod_r
00116f50 00000004 T __syscall_lock_acquire
00116f54 00000004 T __syscall_lock_release
00116f58 00000004 T __syscall_lock_acquire_recursive
00116f5c 00000004 T __syscall_lock_release_recursive
00116f60 00000004 T __syscall_exit
00116f64 00000054 T initThreadVars
00116fb8 00000080 T __system_initSyscalls
00117038 T svcControlMemory
00117058 T svcQueryMemory
00117088 T svcExitProcess
00117090 T svcCreateThread
001170b0 T svcExitThread
001170b8 T svcSleepThread
001170c0 T svcReleaseMutex
001170c8 T svcCreateEvent
001170dc T svcSignalEvent
001170e4 T svcClearEvent
001170ec T svcMapMemoryBlock
001170f4 T svcUnmapMemoryBlock
001170fc T svcCreateAddressArbiter
00117110 T svcArbitrateAddressNoTimeout
00117118 T svcCloseHandle
00117120 T svcWaitSynchronization
00117128 T svcWaitSynchronizationN
00117150 T svcDuplicateHandle
00117164 T svcGetSystemTick
0011716c T svcConnectToPort
00117180 T svcSendSyncRequest
00117188 T svcGetResourceLimit
0011719c T svcGetResourceLimitLimitValues
001171a4 T svcGetResourceLimitCurrentValues
001171ac T svcBreak
001171b4 T __aeabi_read_tp
001171c0 W initSystem
00117210 W __ctru_exit
00117224 0000008c W envGetHandle
001172b0 00000050 W envDestroyHandles
00117300 00000164 T srvInit
00117464 00000064 T srvExit
001174c8 00000060 T srvEnableNotification
00117528 000000a0 T srvGetServiceHandleDirect
001175c8 00000048 T srvGetServiceHandle
00117610 00000034 T srvSubscribe
00117644 00000060 T srvReceiveNotification
001176a4 00000038 T srvPublishToSubscriber
001176dc 0000000c T __sync_init
001176e8 00000018 T __sync_fini
00117700 00000028 T syncArbitrateAddress
00117728 000000ac T LightLock_Lock
001177d4 00000040 T LightLock_Unlock
00117814 00000054 T RecursiveLock_Lock
00117868 00000054 T RecursiveLock_Unlock
001178bc 00000044 T LightEvent_Init
00117900 000000b8 T LightEvent_Clear
001179b8 000000dc T LightEvent_Signal
00117a94 00000050 T LightEvent_TryWait
00117ae4 000000ac T LightEvent_Wait
00117b90 000001fc T threadCreate
00117d8c 00000038 T threadFree
00117dc4 00000024 T threadJoin
00117de8 00000030 T threadGetCurrent
00117e18 00000040 T threadExit
00117e58 00000020 t _thread_begin
00117e78 00000090 t mappableFindAddressWithin
00117f08 00000028 T mappableInit
00117f30 0000007c T mappableAlloc
00117fac 00000004 T mappableFree
00117fb0 0000000c T srvPmGetSessionHandle
00117fbc 00000060 T rbtree_node_next
0011801c 00000054 T decode_utf16
00118070 00000054 T encode_utf16
001180c4 000000e0 T encode_utf8
001181a4 00000030 W __appExit
001181d4 00000030 W __appInit
00118204 00000090 W __libctru_exit
00118294 00000014 t archive_link
001182a8 00000014 t archive_dirreset
001182bc 00000014 t archive_chmod
001182d0 00000024 t error_cmp
001182f4 00000050 t archive_translate_error
00118344 000000c0 t archive_seek
00118404 00000078 t _archiveInit.part.0
0011847c 000000d4 t archiveFindDevice.part.0
00118550 00000298 t archive_utf16path
001187e8 00000098 t _archiveUnmountDeviceStruct.part.0
00118880 00000014 t archive_statvfs
00118894 00000014 t archive_fchmod
001188a8 00000178 t _archiveMountDevice
00118a20 000000f8 t archive_diropen
00118b18 000000ac t archive_fstat
00118bc4 00000074 t archive_fsync
00118c38 00000074 t archive_close
00118cac 00000078 t archive_dirclose
00118d24 000000ec t sdmc_statvfs
00118e10 000000f8 t archive_chdir
00118f08 0000008c t archive_ftruncate
00118f94 000000bc t archive_read
00119050 000000a8 t archive_unlink
001190f8 000000c0 t archive_rmdir
001191b8 000000d8 t archive_mkdir
00119290 000001a0 t archive_stat
00119430 00000164 t archive_dirnext
00119594 0000013c t archive_write
001196d0 00000254 t archive_open
00119924 00000270 t archive_rename
00119b94 000001c8 T archiveMountSdmc
00119d5c 00000054 T archiveUnmountAll
00119db0 00000004 T operator delete(void*, unsigned int)
00119db4 000000ac T std::_Hash_bytes(void const*, unsigned int, unsigned int)
00119e60 0000005c T operator new(unsigned int)
00119ebc 0000002c T std::__throw_bad_alloc()
00119ee8 0000002c T std::__throw_bad_array_new_length()
00119f14 00000040 T std::__throw_logic_error(char const*)
00119f54 00000040 T std::__throw_length_error(char const*)
00119f94 00000040 T std::__throw_out_of_range(char const*)
00119fd4 00000010 T std::__throw_out_of_range_fmt(char const*, ...)
00119fe4 00000104 T std::__detail::_Prime_rehash_policy::_M_next_bkt(unsigned int) const
0011a0e8 000000f0 T std::__detail::_Prime_rehash_policy::_M_need_rehash(unsigned int, unsigned int, unsigned int) const
0011a1d8 00000054 W std::__cxx11::basic_string<char, std::char_traits<char>, std::allocator<char> >::_M_create(unsigned int&, unsigned int)
0011a22c 00000014 W std::__cxx11::basic_string<char, std::char_traits<char>, std::allocator<char> >::_M_dispose()
0011a240 000000c8 W std::__cxx11::basic_string<char, std::char_traits<char>, std::allocator<char> >::_M_assign(std::__cxx11::basic_string<char, std::char_traits<char>, std::allocator<char> > const&)
0011a308 00000104 W std::__cxx11::basic_string<char, std::char_traits<char>, std::allocator<char> >::_M_mutate(unsigned int, unsigned int, char const*, unsigned int)
0011a40c 00000098 W std::__cxx11::basic_string<char, std::char_traits<char>, std::allocator<char> >::reserve(unsigned int)
0011a4a4 00000140 W std::__cxx11::basic_string<char, std::char_traits<char>, std::allocator<char> >::_M_replace_cold(char*, unsigned int, char const*, unsigned int, unsigned int)
0011a5e4 00000130 W std::__cxx11::basic_string<char, std::char_traits<char>, std::allocator<char> >::_M_replace(unsigned int, unsigned int, char const*, unsigned int)
0011a714 00000090 W std::__cxx11::basic_string<char, std::char_traits<char>, std::allocator<char> >::_M_append(char const*, unsigned int)
0011a7a4 0000002c W std::__cxx11::basic_string<char, std::char_traits<char>, std::allocator<char> >::append(char const*, unsigned int)
0011a7d0 00000050 W std::__cxx11::basic_string<char, std::char_traits<char>, std::allocator<char> >::append(char const*)
0011a820 000000a0 W std::__cxx11::basic_string<char, std::char_traits<char>, std::allocator<char> >::find(char const*, unsigned int, unsigned int) const
0011a8c0 00000034 W std::__cxx11::basic_string<char, std::char_traits<char>, std::allocator<char> >::find(char const*, unsigned int) const
0011a8f4 00000044 W std::__cxx11::basic_string<char, std::char_traits<char>, std::allocator<char> >::find(char, unsigned int) const
0011a938 00000094 W void std::__cxx11::basic_string<char, std::char_traits<char>, std::allocator<char> >::_M_construct<char const*>(char const*, char const*, std::forward_iterator_tag)
0011a9cc 0000005c W std::__cxx11::basic_string<char, std::char_traits<char>, std::allocator<char> >::substr(unsigned int, unsigned int) const
0011aa28 0000000c T std::bad_alloc::what() const
0011aa34 00000020 T std::bad_alloc::~bad_alloc()
0011aa34 00000020 T std::bad_alloc::~bad_alloc()
0011aa54 0000002c T std::bad_alloc::~bad_alloc()
0011aa80 0000000c T std::bad_array_new_length::what() const
0011aa8c 00000020 T std::bad_array_new_length::~bad_array_new_length()
0011aa8c 00000020 T std::bad_array_new_length::~bad_array_new_length()
0011aaac 0000002c T std::bad_array_new_length::~bad_array_new_length()
0011aad8 00000004 T operator delete(void*)
0011aadc 0000000c W __gnu_cxx::__concurrence_lock_error::what() const
0011aae8 0000000c W __gnu_cxx::__concurrence_unlock_error::what() const
0011aaf4 00000020 W __gnu_cxx::__concurrence_lock_error::~__concurrence_lock_error()
0011aaf4 00000020 W __gnu_cxx::__concurrence_lock_error::~__concurrence_lock_error()
0011ab14 0000002c W __gnu_cxx::__concurrence_lock_error::~__concurrence_lock_error()
0011ab40 00000020 W __gnu_cxx::__concurrence_unlock_error::~__concurrence_unlock_error()
0011ab40 00000020 W __gnu_cxx::__concurrence_unlock_error::~__concurrence_unlock_error()
0011ab60 0000002c W __gnu_cxx::__concurrence_unlock_error::~__concurrence_unlock_error()
0011ab8c 0000002c W __gnu_cxx::__throw_concurrence_lock_error()
0011abb8 0000002c W __gnu_cxx::__throw_concurrence_unlock_error()
0011abe4 0000012c t (anonymous namespace)::pool::free(void*) [clone .constprop.0]
0011ad10 000000f0 t (anonymous namespace)::pool::allocate(unsigned int) [clone .constprop.0]
0011ae00 00000044 T __cxa_allocate_exception
0011ae44 00000028 T __cxa_free_exception
0011ae6c 000001a4 t _GLOBAL__sub_I__ZN9__gnu_cxx9__freeresEv
0011b010 T __cxa_end_cleanup
0011b020 00000138 T __cxa_type_match
0011b158 000000b4 T __cxa_begin_cleanup
0011b20c 000000b4 T __gnu_end_cleanup
0011b2c0 000000e0 T __cxa_begin_catch
0011b3a0 000000e0 T __cxa_end_catch
0011b480 00000004 T std::exception::~exception()
0011b480 00000004 T std::exception::~exception()
0011b484 00000004 T std::bad_exception::~bad_exception()
0011b484 00000004 T std::bad_exception::~bad_exception()
0011b488 0000000c T transaction clone for std::bad_exception::what() const
0011b488 0000000c T std::bad_exception::what() const
0011b494 00000020 T std::bad_exception::~bad_exception()
0011b4b4 00000038 t eh_globals_dtor(void*)
0011b4ec 00000038 T __cxa_get_globals_fast
0011b524 00000090 T __cxa_get_globals
0011b5b4 00000040 t _GLOBAL__sub_I__ZN17__eh_globals_init7_S_initE
0011b5f4 00000034 t _GLOBAL__sub_D__ZN17__eh_globals_init7_S_initE
0011b628 00000150 t read_encoded_value_with_base(unsigned char, unsigned int, unsigned char const*, unsigned int*)
0011b778 0000005c t base_of_encoded_value(unsigned char, _Unwind_Context*)
0011b7d4 000000f0 t parse_lsda_header(_Unwind_Context*, unsigned char const*, lsda_header_info*)
0011b8c4 000006c8 T __gxx_personality_v0
0011bf8c 00000014 T __cxxabiv1::__terminate(void (*)())
0011bfa0 00000018 T std::terminate()
0011bfb8 0000000c T __cxxabiv1::__unexpected(void (*)())
0011bfc4 00000018 T std::unexpected()
0011bfdc 00000014 T std::get_terminate()
0011bff0 00000014 T std::get_unexpected()
0011c004 00000070 t __gxx_exception_cleanup(_Unwind_Reason_Code, _Unwind_Control_Block*)
0011c074 00000054 T __cxa_init_primary_exception
0011c0c8 00000054 T __cxa_throw
0011c11c 000000b0 T __cxa_rethrow
0011c1cc 00000014 T std::get_new_handler()
0011c1e0 00000020 T __cxxabiv1::__si_class_type_info::~__si_class_type_info()
0011c1e0 00000020 T __cxxabiv1::__si_class_type_info::~__si_class_type_info()
0011c200 0000002c T __cxxabiv1::__si_class_type_info::~__si_class_type_info()
0011c22c 00000140 T __cxxabiv1::__si_class_type_info::__do_dyncast(int, __cxxabiv1::__class_type_info::__sub_kind, __cxxabiv1::__class_type_info const*, void const*, __cxxabiv1::__class_type_info const*, void const*, __cxxabiv1::__class_type_info::__dyncast_result&) const
0011c36c 00000088 T __cxxabiv1::__si_class_type_info::__do_find_public_src(int, void const*, __cxxabiv1::__class_type_info const*, void const*) const
0011c3f4 00000044 T __cxxabiv1::__si_class_type_info::__do_upcast(__cxxabiv1::__class_type_info const*, void const*, __cxxabiv1::__class_type_info::__upcast_result&) const
0011c438 00000004 T std::type_info::~type_info()
0011c438 00000004 T std::type_info::~type_info()
0011c43c 00000008 T std::type_info::__is_pointer_p() const
0011c43c 00000008 T std::type_info::__is_function_p() const
0011c444 00000008 T std::logic_error::what() const
0011c444 00000008 T std::runtime_error::what() const
0011c44c 00000098 T std::logic_error::~logic_error()
0011c44c 00000098 T std::logic_error::~logic_error()
0011c4e4 00000098 T std::length_error::~length_error()
0011c4e4 00000098 T std::length_error::~length_error()
0011c57c 00000098 T std::out_of_range::~out_of_range()
0011c57c 00000098 T std::out_of_range::~out_of_range()
0011c614 000000a0 T std::logic_error::~logic_error()
0011c6b4 000000a0 T std::length_error::~length_error()
0011c754 000000a0 T std::out_of_range::~out_of_range()
0011c7f4 000000d8 T std::logic_error::logic_error(char const*)
0011c7f4 000000d8 T std::logic_error::logic_error(char const*)
0011c8cc 00000020 T std::length_error::length_error(char const*)
0011c8cc 00000020 T std::length_error::length_error(char const*)
0011c8ec 00000020 T std::out_of_range::out_of_range(char const*)
0011c8ec 00000020 T std::out_of_range::out_of_range(char const*)
0011c90c 00000088 W std::string::_Rep::_S_create(unsigned int, unsigned int, std::allocator<char> const&)
0011c994 00000004 W std::string::_Rep::_M_destroy(std::allocator<char> const&)
0011c998 0000005c T __cxxabiv1::__class_type_info::__do_upcast(__cxxabiv1::__class_type_info const*, void**) const
0011c9f4 00000014 T __cxxabiv1::__class_type_info::__do_find_public_src(int, void const*, __cxxabiv1::__class_type_info const*, void const*) const
0011ca08 00000020 T __cxxabiv1::__class_type_info::~__class_type_info()
0011ca08 00000020 T __cxxabiv1::__class_type_info::~__class_type_info()
0011ca28 0000002c T __cxxabiv1::__class_type_info::~__class_type_info()
0011ca54 00000070 T __cxxabiv1::__class_type_info::__do_upcast(__cxxabiv1::__class_type_info const*, void const*, __cxxabiv1::__class_type_info::__upcast_result&) const
0011cac4 00000090 T __cxxabiv1::__class_type_info::__do_catch(std::type_info const*, void**, unsigned int) const
0011cb54 000000f8 T __cxxabiv1::__class_type_info::__do_dyncast(int, __cxxabiv1::__class_type_info::__sub_kind, __cxxabiv1::__class_type_info const*, void const*, __cxxabiv1::__class_type_info const*, void const*, __cxxabiv1::__class_type_info::__dyncast_result&) const
0011cc4c 00000070 t __cxxabiv1::__is_gxx_exception_class(char*)
0011ccbc 0000002c T __cxa_call_terminate
0011cce8 00000148 T __cxa_call_unexpected
0011ce30 00000074 T fmodf
0011cea8 00000264 T sinf
0011d10c 00000214 T __ieee754_fmodf
0011d320 00000050 T sqrtf
0011d370 00000024 t with_errnof
0011d394 0000001c T __math_invalidf
0011d3b0 000000c0 T ceilf
0011d470 00000144 T floor
0011d5b8 0000025c T cosf
0011d814 000000c0 T floorf
0011d8d4 00000008 T __ieee754_sqrtf
0011d8dc 0000002c T __aeabi_d2lz
0011d8dc 0000002c T __fixdfdi
0011d908 00000040 T __aeabi_d2ulz
0011d908 00000040 T __fixunsdfdi
0011d948 00000130 T __udivmoddi4
0011da78 00000018 t selfrel_offset31
0011da90 00000090 t search_EIT_table
0011db20 00000040 t __gnu_unwind_get_pr_addr
0011db60 00000110 t get_eit_entry
0011dc70 00000088 t restore_non_core_regs
0011dcf8 00000014 t _Unwind_decode_typeinfo_ptr.constprop.0
0011dd0c 00000004 t _Unwind_DebugHook
0011dd10 00000064 t unwind_phase2
0011dd74 0000013c t unwind_phase2_forced
0011deb0 000000a4 T __gnu_Unwind_RaiseException
0011df54 00000020 T __gnu_Unwind_ForcedUnwind
0011df74 00000074 T __gnu_Unwind_Resume
0011dfe8 00000020 T __gnu_Unwind_Resume_or_Rethrow
0011e008 00000004 T _Unwind_Complete
0011e00c 00000018 T _Unwind_DeleteException
0011e024 00000064 T _Unwind_VRS_Get
0011e088 0000002c t _Unwind_GetGR
0011e0b4 00000064 T _Unwind_VRS_Set
0011e118 0000002c t _Unwind_SetGR
0011e144 000000c0 T __gnu_Unwind_Backtrace
0011e204 0000040c t __gnu_unwind_pr_common
0011e610 00000008 T __aeabi_unwind_cpp_pr0
0011e618 00000008 W __aeabi_unwind_cpp_pr1
0011e620 00000008 W __aeabi_unwind_cpp_pr2
0011e628 00000458 T _Unwind_VRS_Pop
0011ea80 00000064 t next_unwind_byte
0011eae4 0000002c t _Unwind_GetGR.constprop.0
0011eb10 00000004 t unwind_UCB_from_context
0011eb14 00000464 T __gnu_unwind_execute
0011ef78 00000048 T __gnu_unwind_frame
0011efc0 00000010 T _Unwind_GetRegionStart
0011efd0 0000001c T _Unwind_GetLanguageSpecificData
0011efec 00000008 T _Unwind_GetDataRelBase
0011eff4 00000008 T _Unwind_GetTextRelBase
0011effc 000000d8 T strncmp
0011f0d4 00000140 T strchr
0011f214 00000024 T getenv
0011f238 0000016c T memmove
0011f3a4 00000144 T _fclose_r
0011f4e8 00000020 T fclose
0011f508 0000008c T strlen
0011f594 0000003c T fscanf
0011f5d0 000000d8 T memcmp
0011f6a8 0000001c t stdio_exit_handler
0011f6c4 0000005c t cleanup_stdio
0011f720 00000154 t global_stdio_init.part.0
0011f874 00000138 T __sfp
0011f9ac 0000005c T __sinit
0011fa08 0000000c T __sfp_lock_acquire
0011fa14 0000000c T __sfp_lock_release
0011fa20 000001ec t _strtoul_l.isra.0
0011fc0c 00000038 T _strtoul_r
0011fc44 0000003c T strtoul
0011fc80 00000084 T __libc_init_array
0011fd04 0000009c T strncat
0011fda0 00000070 T _fwalk_sglue
0011fe10 00000078 T bsearch
0011fe88 0000000c T __errno
0011fe94 00000028 T calloc
0011febc 00000088 T _vsnprintf_r
0011ff44 00000038 T vsnprintf
0011ff7c 000008e8 T qsort
00120864 00000014 T abort
00120878 000000d8 T _calloc_r
00120950 00000028 T realloc
00120978 0000001c T _fseek_r
00120994 00000028 T memalign
001209bc 0000082c T _malloc_r
001211e8 000000e8 T memchr
001212d0 00000114 T _malloc_trim_r
001213e4 00000314 T _free_r
001216f8 000000a0 T snprintf
00121798 000005e0 t get_arg
00121d78 0000345c T _svfprintf_r
001251d4 0000003c T strnlen
00125210 00000040 T malloc
00125250 00000020 T free
00125270 0000022c T __sflush_r
0012549c 000000c4 T _fflush_r
00125560 00000048 T time
001255a8 000000dc T _findenv_r
00125684 000000e4 T memset
00125768 000004f0 T _realloc_r
00125c58 00000050 t get_arg
00125ca8 00002bc4 T __svfscanf_r
0012886c 00000040 T _vfscanf_r
001288ac 00000334 T _fread_r
00128be0 00000038 T fread
00128c18 0000000c T __malloc_lock
00128c24 0000000c T __malloc_unlock
00128c30 00000004 W __call_exitprocs
00128c34 00000030 T exit
00128c64 00000294 T setvbuf
00128ef8 00000134 T _fopen_r
0012902c 00000028 T fopen
00129054 000000d4 T strncpy
00129128 00000264 t _strtoull_l.isra.0
0012938c 00000038 T _strtoull_r
001293c4 0000012c T memcpy
001294f0 00000028 T _wcsrtombs_r
00129518 00000078 T sscanf
00129590 000000c4 T _mbrtowc_r
00129654 0000000c T nanf
00129660 00000088 T frexp
001296e8 00000044 T __sread
0012972c 00000008 T __seofread
00129734 00000068 T __swrite
0012979c 00000040 T __sseek
001297dc 00000008 T __sclose
001297e4 0000009c T _raise_r
00129880 00000020 T raise
001298a0 0000000c T __env_lock
001298ac 0000000c T __env_unlock
001298b8 0000047c t _strtoll_l.isra.0
00129d34 00000038 T _strtoll_r
00129d6c 00000024 T __locale_mb_cur_max
00129d90 000000b8 T __submore
00129e48 00000230 T _ungetc_r
0012a078 00000060 t sulp
0012a0d8 00001428 T _strtod_l
0012b500 00000044 T _strtod_r
0012b544 000000a4 T __ssprint_r
0012b5e8 0000016c T _memalign_r
0012b754 0000015c T _wcsnrtombs_l
0012b8b0 00000064 T _wcsnrtombs_r
0012b914 000000f4 t rshift
0012ba08 000008b4 T __gethex
0012c2bc 00000068 T sprintf
0012c324 00000340 T __utf8_mbtowc
0012c664 00000588 T _fseeko_r
0012cbec 00000008 T iswspace
0012cbf4 00000024 T _localeconv_r
0012cc18 000001c0 t quorem
0012cdd8 000013f0 T _dtoa_r
0012e1c8 000000a0 T _wcrtomb_r
0012e268 000000b8 T __sflags
0012e320 00000384 t _strtol_l.part.0
0012e6a4 0000006c T _strtol_r
0012e710 0000003c T __libc_fini_array
0012e74c 000000f8 T __sccl
0012e844 00000038 t lflush
0012e87c 000001a8 T __srefill_r
0012ea24 00000164 T __smakebuf_r
0012eb88 00000090 T __swhatbuf_r
0012ec18 000000dc T stpncpy
0012ecf4 0000012c T __ssputs_r
0012ee20 00000050 t get_arg
0012ee70 00002b88 T __ssvfscanf_r
001319f8 000000f8 T __utf8_wctomb
00131af0 00000070 T __match
00131b60 000002a8 T __hexnan
00131e08 00000010 T nan
00131e18 0000005c T __assert_func
00131e74 00000038 T iswspace_l
00131eac 00000088 T _Balloc
00131f34 0000001c T _Bfree
00131f50 000000f4 T __multadd
00132044 0000010c T __s2b
00132150 00000080 T __hi0bits
001321d0 000000f0 T __lo0bits
001322c0 000000a4 T __i2b
00132364 00000230 T __multiply
00132594 00000130 T __pow5mult
001326c4 00000138 T __lshift
001327fc 00000058 T __mcmp
00132854 00000218 T __mdiff
00132a6c 00000068 T __ulp
00132ad4 000000d4 T __b2d
00132ba8 00000120 T __d2b
00132cc8 00000078 T __ratio
00132d40 0000008c T __copybits
00132dcc 0000005c T __any_on
00132e28 0000003c T fiprintf
00132e64 000000e4 T _sungetc_r
00132f48 0000006c T __ssrefill_r
00132fb4 000000b4 T _sfread_r
00133068 00000090 T category
001330f8 000005e0 t get_arg
001336d8 000022f8 T _vfiprintf_r
001359d0 000000b4 t __sbprintf
00135a84 00000030 T __sprint_r
00135ab4 00000140 T __swsetup_r
00135bf4 000004a4 T __sfvwrite_r
00136098 00000020 T _exit
001360b8 00000140 T chdir
001361f8 000001c8 T _concatenate_path
001363c0 0000009c T _fstat_r
0013645c 00000014 T _getpid_r
00136470 0000002c T __getreent
0013649c 00000030 T _gettimeofday_r
001364cc 000000a0 T __release_handle
0013656c 000000b0 T __alloc_handle
0013661c 00000058 T __get_handle
00136674 00000110 T _close_r
00136784 00000008 t null_write
0013678c 00000018 T setDefaultDevice
001367a4 000000c4 T FindDevice
00136868 00000028 T RemoveDevice
00136890 00000098 T AddDevice
00136928 00000020 T GetDeviceOpTab
00136948 00000008 T _isatty_r
00136950 00000014 T _kill_r
00136964 00000094 T _lseek_r
001369f8 000000c0 T _open_r
00136ab8 00000094 T _read_r
00136b4c 00000078 W _sbrk_r
00136bc4 0000001c T __libc_lock_acquire
00136be0 0000001c T __libc_lock_release
00136bfc 0000001c T __libc_lock_acquire_recursive
00136c18 0000001c T __libc_lock_release_recursive
00136c34 00000094 T _write_r
00136cc8 00000048 T strrchr
00136d10 T _fini
00137000 00000048 r CSWTCH.119
001370e4 r .LC16
00137498 r .LC0
00137760 r .LC2
0013782c 00000008 r s_defaultTint.0
00137834 R render2d_shbin
001379c0 R render2d_shbin_end
001379c0 R render2d_shbin_size
001379c4 00000004 r depthFmtSizes
001379c8 00000005 r colorFmtSizes
001379d0 00000010 r CSWTCH.11
001379e0 00000038 r CSWTCH.19
00137a18 00000080 r romFS_devoptab
00137ac0 00000008 r morton_y.2
00137ac8 00000008 r morton_x.3
00137ad0 00000008 r s_sleepWakeEvents.4
00137ad8 0000000c r serviceNameTable.5
00137b08 00000030 r error_table
00137b38 00000080 r archive_devoptab
00137bb8 0000000e r std::__detail::_Prime_rehash_policy::_M_next_bkt(unsigned int) const::__fast_bkt
00137bc8 00000404 R std::__detail::__prime_list
00137fcc 0000000d R typeinfo name for std::bad_alloc
00137fdc 0000000c R typeinfo for std::bad_alloc
00137fe8 00000014 R vtable for std::bad_alloc
00137ffc 00000019 R typeinfo name for std::bad_array_new_length
00138018 0000000c R typeinfo for std::bad_array_new_length
00138024 00000014 R vtable for std::bad_array_new_length
00138038 00000027 V typeinfo name for __gnu_cxx::__concurrence_lock_error
00138060 0000000c V typeinfo for __gnu_cxx::__concurrence_lock_error
0013806c 00000029 V typeinfo name for __gnu_cxx::__concurrence_unlock_error
00138098 0000000c V typeinfo for __gnu_cxx::__concurrence_unlock_error
001380a4 00000014 V vtable for __gnu_cxx::__concurrence_lock_error
001380b8 00000014 V vtable for __gnu_cxx::__concurrence_unlock_error
001380cc 0000000d R typeinfo name for std::exception
001380dc 00000008 R typeinfo for std::exception
001380e4 00000012 R typeinfo name for std::bad_exception
001380f8 0000000c R typeinfo for std::bad_exception
00138104 00000020 R typeinfo name for __cxxabiv1::__forced_unwind
00138124 00000008 R typeinfo for __cxxabiv1::__forced_unwind
0013812c 00000024 R typeinfo name for __cxxabiv1::__foreign_exception
00138150 00000008 R typeinfo for __cxxabiv1::__foreign_exception
00138158 00000014 R vtable for std::bad_exception
00138180 00000025 R typeinfo name for __cxxabiv1::__si_class_type_info
001381a8 0000000c R typeinfo for __cxxabiv1::__si_class_type_info
001381b4 0000002c R vtable for __cxxabiv1::__si_class_type_info
001381e0 0000000d R typeinfo name for std::type_info
001381f0 00000008 R typeinfo for std::type_info
001381f8 00000010 R typeinfo name for std::logic_error
00138208 0000000c R typeinfo for std::logic_error
00138214 00000011 R typeinfo name for std::length_error
00138228 0000000c R typeinfo for std::length_error
00138234 00000011 R typeinfo name for std::out_of_range
00138248 0000000c R typeinfo for std::out_of_range
00138254 00000014 R vtable for std::logic_error
00138268 00000014 R vtable for std::length_error
0013827c 00000014 R vtable for std::out_of_range
00138290 00000022 R typeinfo name for __cxxabiv1::__class_type_info
001382b4 0000000c R typeinfo for __cxxabiv1::__class_type_info
001382c0 0000002c R vtable for __cxxabiv1::__class_type_info
001382ec 00000008 r Zero
001382f4 00000060 R __inv_pio4
00138358 000000e0 R __sincosf_table
0013857c 00000010 r zeroes.0
0013858c 00000010 r blanks.1
0013859c 00000101 R _ctype_
001387b4 00000022 r basefix.0
001387d8 0000006c R __action_table
00138844 0000006c R __state_table
001388b0 00000100 R __chclass
00138a14 00000014 r fpinan.0
00138a28 00000014 r fpi.1
00138a40 00000028 r tinytens
00138a68 00000100 R __hexdig
00138c84 00000022 r basefix.0
00138ca8 0000000c r p05.0
00138cb8 00000028 R __mprec_bigtens
00138ce0 000000c8 R __mprec_tens
00138da8 000035dc r categories
0013c470 00000010 r zeroes.0
0013c480 00000010 r blanks.1
0013c490 00000080 R dotab_stdnull
0013c510 R __tdata_align
0013c514 r __EH_FRAME_BEGIN__
0013c614 R __exidx_start
0013c87c R __exidx_end
0013d000 00000008 d framerateCounter
0013d008 00000004 d framerate
0013d00c 00000004 d queueLock
0013d010 00000004 d aptChainloadDeliverArgSize
0013d014 00000004 d kCount
0013d018 00000004 d kInterval
0013d01c 00000004 d kDelay
0013d020 W __stacksize__
0013d024 00000004 D __cxxabiv1::__unexpected_handler
0013d028 00000004 D __cxxabiv1::__terminate_handler
0013d02c 0000000c D __sglue
0013d038 00000004 D __malloc_sbrk_base
0013d03c 00000004 D __malloc_trim_threshold
0013d040 00000408 D __malloc_av_
0013d448 00000004 D _impure_ptr
0013d450 00000140 D _impure_data
0013d590 0000016c D __global_locale
0013d6fc 00000004 D environ
0013d700 00000400 d _current_working_directory
0013db00 00001000 d handles
0013eb00 0000000c d __stderr_handle
0013eb0c 0000000c d __stdout_handle
0013eb18 0000000c d __stdin_handle
0013eb24 0000008c D devoptab_list
0013ebb0 00000004 d defaultDevice
0013ebbc d _GLOBAL_OFFSET_TABLE_
0013ebc8 d __frame_dummy_init_array_entry
0013ebc8 D __init_array_start
0013ebc8 B __preinit_array_end
0013ebc8 B __preinit_array_start
0013ebc8 D __tdata_lma
0013ebc8 D __tdata_lma_end
0013ebd4 d __do_global_dtors_aux_fini_array_entry
0013ebd4 D __fini_array_start
0013ebd4 D __init_array_end
0013ebdc D __bss_start__
0013ebdc D __fini_array_end
0013ebdc b completed.1
0013ebe0 b object.0
0013ebf8 000005a8 B __C2Di_Context
0013f1a0 00000040 b s_projBot
0013f1e0 00000040 b s_projTop
0013f220 00000004 b uLoc_mdlvMtx
0013f224 00000004 b uLoc_projMtx
0013f228 00000004 b s_glyphSheets
0013f22c 00000004 b s_textScale
0013f230 0000000c b hookCookie
0013f240 000002d0 B __C3D_Context
0013f510 00000004 b frameEndCbData
0013f514 00000004 b frameEndCb
0013f518 00000008 b frameCounter
0013f520 00000001 b isTopStereo
0013f521 00000001 b needSwapBot
0013f522 00000001 b needSwapTop
0013f523 00000001 b measureGpuTime
0013f524 00000001 b inSafeTransfer
0013f525 00000001 b inFrame
0013f528 00000010 b cpuTime
0013f538 00000010 b gpuTime
0013f548 0000000c b linkedTarget
0013f554 00000004 b lastTarget
0013f558 00000004 b firstTarget
0013f55c 00000008 b C3Di_IVUnifEverDirty
0013f564 000000c0 b C3Di_FVUnifEverDirty
0013f624 00000018 b C3Di_ShaderFVecData
0013f63c 00000002 B C3D_BoolUnifsDirty
0013f640 00000008 B C3D_IVUnifDirty
0013f648 000000c0 B C3D_FVUnifDirty
0013f708 00000004 B C3D_BoolUnifs
0013f70c 00000020 B C3D_IVUnif
0013f72c 00000c00 B C3D_FVUnif
00140330 00000008 b sLinearPool
00140338 0000000c b sAddrMap
00140348 00000008 b sVramPoolB
00140350 00000008 b sVramPoolA
00140358 0000000c b sAddrMap
00140364 00000004 b sharedFontAddr
00140368 00000004 B g_sharedFont
0014036c 00000004 b screenAlloc
00140370 00000004 b screenFree
00140374 00000002 b gfxIsDoubleBuf
00140378 00000002 b gfxCurBuf
0014037a 00000001 b gfxIsVram
0014037b 00000001 b gfxTopMode
0014037c 00000002 b gfxFramebufferFormats
00140380 00000004 b gfxBottomFramebufferMaxSize
00140384 00000004 b gfxTopFramebufferMaxSize
00140388 00000008 b gfxBottomFramebuffers
00140390 00000008 b gfxTopFramebuffers
00140398 00000001 V __ctru_speedup
0014039c 00000004 b romfs_mount_list
001403a0 00000004 V __romfs_path
001403a4 00000004 B gpuCmdBufOffset
001403a8 00000004 B gpuCmdBufSize
001403ac 00000004 B gpuCmdBuf
001403b0 00000004 b boundQueue
001403b4 00000001 b shouldStop
001403b5 00000001 b isRunning
001403b6 00000001 b isActive
001403b8 00000004 b curQueue
001403bc 00000001 b flagValue.0
001403bd 00000001 b flagInit.1
001403c0 00000004 b serviceName.6
001403c4 00000001 b aptChainloadFlags
001403c5 00000001 b aptChainloadMediatype
001403c8 00000020 b aptChainloadHmac
001403e8 00000300 b aptChainloadDeliverArg
001406e8 00000008 b aptChainloadTid
001406f0 00001000 b aptParameters
001416f0 00000004 b aptFlags
001416f4 00000001 b aptHomeButtonState
001416f8 00000004 b aptMessageFuncData
001416fc 00000004 b aptMessageFunc
00141700 0000000c b aptFirstHook
0014170c 00000001 b aptEventHandlerThreadQuit
00141710 00000004 b aptEventHandlerThread
00141714 00000008 b aptSleepEvent
0014171c 00000008 b aptReceiveEvent
00141724 00000008 b aptEvents
0014172c 00000004 b aptLockHandle
00141730 00000004 b aptRefCount
00141738 00000080 b fsExemptArchives
001417b8 00000004 b fsuRefCount
001417bc 00000004 b fsuHandle
001417c0 00000007 b gspEventCbOneShot
001417c8 0000001c b gspEventCbData
001417e4 0000001c b gspEventCb
00141800 00000038 b gspEvents
00141838 00000004 b gspLastEvent
0014183c 00000001 b gspRunEvents
00141840 00000004 b gspEventThread
00141844 00000004 b gspEvent
00141848 00000001 b gspGpuRight
00141849 00000001 b gspThreadId
0014184c 00000004 b gspSharedMem
00141850 00000004 b gspSharedMemHandle
00141854 00000004 b gspRefCount
00141858 00000004 b gspGpuHandle
0014185c 00000001 b usingIrrst
00141860 00000004 b hidRefCount
00141864 00000006 b gRate
0014186c 00000006 b aVec
00141874 00000004 b cPos
00141878 00000004 b tPos
0014187c 00000004 b kRepeat
00141880 00000004 b kUp
00141884 00000004 b kDown
00141888 00000004 b kHeld
0014188c 00000004 b kOld
00141890 00000004 B hidSharedMem
00141894 00000014 B hidEvents
001418a8 00000004 B hidMemHandle
001418ac 00000004 B hidHandle
001418b0 00000004 b irrstRefCount
001418b4 00000004 b csPos
001418b8 00000004 b kHeld
001418bc 00000004 B irrstSharedMem
001418c0 00000004 B irrstEvent
001418c4 00000004 B irrstMemHandle
001418c8 00000004 B irrstHandle
001418cc 00000004 b ptmSysmRefCount
001418d0 00000004 b ptmSysmHandle
001418d4 00000004 V __ctru_linear_heap_size
001418d8 00000004 V __ctru_heap_size
001418dc 00000004 B __ctru_linear_heap
001418e0 00000004 B __ctru_heap
001418e4 00000004 B __system_retAddr
001418e8 00000004 B __system_argv
001418ec 00000004 B __system_argc
001418f0 b saved_stack
001418f8 00000004 B __3dslink_host
001418fc 00000004 b srvRefCount
00141900 00000004 b srvHandle
00141904 00000004 b arbiter
00141908 00000004 b currentAddr
0014190c 00000004 b maxAddr
00141910 00000004 b minAddr
00141914 00000004 b srvPmHandle
00141918 000005c0 b archive_devices
00141ed8 00000004 b archive_device_cwd
00141edc 00000001 b archive_initialized
00141ee0 0000001c b (anonymous namespace)::emergency_pool
00141efc 00000004 b init
00141f00 00000001 B __eh_globals_init::_S_init
00141f04 0000000c b (anonymous namespace)::eh_globals
00141f10 00000004 b (anonymous namespace)::__new_handler
00141f14 00000010 V std::string::_Rep::_S_empty_rep_storage
00141f24 0000000c b __sfp_recursive_mutex
00141f30 00000168 B __sf
00142098 00000004 B __stdio_exit_handler
0014209c 00000028 B __malloc_current_mallinfo
001420c4 00000004 B __malloc_max_total_mem
001420c8 00000004 B __malloc_max_sbrked_mem
001420cc 00000004 B __malloc_top_pad
001420d0 0000000c b __malloc_recursive_mutex
001420dc 0000000c b __env_recursive_mutex
001420e8 00000004 b initial_env
001420ec 00000400 b temp_cwd
001424ec 00000004 b __hndl_lock
001424f0 00000004 B fake_heap_start
001424f4 00000004 B fake_heap_end
001424f8 00000004 b heap_start.0
001424fc B __tls_start
00143104 B __bss_end__
00143104 A __end__
00143104 B __tls_end
